// Jest Snapshot v1, https://goo.gl/fbAQLP

exports[`Label Renders correctly 1`] = `
<span
  className="sc-bdVaJa hOTKmH"
>
  Label
</span>
`;
