// Jest Snapshot v1, https://goo.gl/fbAQLP

exports[`Container Renders correctly 1`] = `
<div
  className="sc-bdVaJa jEHjXt"
>
  <div />
</div>
`;
