// Jest Snapshot v1, https://goo.gl/fbAQLP

exports[`Color Renders correctly 1`] = `
<div
  className="sc-ifAKCX ieNlBV"
>
  <div
    className="fr-color__box"
    style={
      Object {
        "backgroundColor": "#eee",
      }
    }
  />
  <div
    className="fr-color__meta"
    style={
      Object {
        "color": "#eee",
      }
    }
  >
    <p
      className="sc-bxivhb cfzrAM"
    >
      <b>
        F
      </b>
    </p>
    <small
      className="sc-bwzfXH hFESPj"
    >
      1.16
    </small>
  </div>
  <aside>
    <header>
      <p
        className="sc-bxivhb cfzrAM"
      >
        Light
      </p>
      <div
        className="sc-bdVaJa hBHdgd fr-label--default"
      >
        <span>
          Low contrast
        </span>
      </div>
    </header>
    <div>
      <code
        className="sc-htpNat cjHBxU"
      >
        #eee
         â€”
         
        R: 238 G: 238 B: 238
      </code>
    </div>
  </aside>
</div>
`;
