// Jest Snapshot v1, https://goo.gl/fbAQLP

exports[`Label Matches snapshot 1`] = `
<div
  className="sc-bdVaJa hBHdgd fr-label--default"
>
  <span>
    Green default
  </span>
</div>
`;
