// Jest Snapshot v1, https://goo.gl/fbAQLP

exports[`ButtonGroup Renders correctly 1`] = `
<div
  className="jsx-2292800584 fr-button-group flex"
>
  Children.
</div>
`;
