// Jest Snapshot v1, https://goo.gl/fbAQLP

exports[`Color Renders correctly 1`] = `
<small
  className="fr-color grow-1 p-2 nowrap white"
  style={
    Object {
      "backgroundColor": "#eee",
    }
  }
>
  <b>
    Light
  </b>
  <br />
  <small>
    #eee
  </small>
</small>
`;
