// Jest Snapshot v1, https://goo.gl/fbAQLP

exports[`Container Renders correctly 1`] = `
<div
  className="jsx-2434684429 fr-container mx-auto "
>
  <div />
</div>
`;
