// Jest Snapshot v1, https://goo.gl/fbAQLP

exports[`Input Renders correctly 1`] = `
<div
  className="sc-bwzfXH SiCSY flex flex-column"
>
  <input
    className="fr-input fr-input--input px-1"
    defaultValue=""
    onChange={[Function]}
    placeholder=""
    type="text"
  />
</div>
`;
