// Jest Snapshot v1, https://goo.gl/fbAQLP

exports[`Progress Renders correctly 1`] = `
<progress
  className="jsx-4074517233 fr-progress radius-max w-100"
  max={100}
  value={31}
/>
`;
