// Jest Snapshot v1, https://goo.gl/fbAQLP

exports[`Code Matches snapshot 1`] = `
<code
  className="sc-bdVaJa DzoOc"
>
  Debug.Call()
</code>
`;
