// Jest Snapshot v1, https://goo.gl/fbAQLP

exports[`H0 Matches snapshot 1`] = `
<h1
  className="sc-bdVaJa dqxxAd"
>
  Extra header
</h1>
`;
