// Jest Snapshot v1, https://goo.gl/fbAQLP

exports[`H1 Matches snapshot 1`] = `
<h1
  className="sc-bdVaJa cCpoeI"
>
  Extra header
</h1>
`;
