// Jest Snapshot v1, https://goo.gl/fbAQLP

exports[`H3 Matches snapshot 1`] = `
<h3
  className="sc-bdVaJa tYuzJ"
>
  Extra header
</h3>
`;
