// Jest Snapshot v1, https://goo.gl/fbAQLP

exports[`H5 Matches snapshot 1`] = `
<h5
  className="sc-bdVaJa bxtxFX"
>
  Extra header
</h5>
`;
