// Jest Snapshot v1, https://goo.gl/fbAQLP

exports[`HR Matches snapshot 1`] = `
<hr
  className="sc-bdVaJa cLgotO"
/>
`;
