// Jest Snapshot v1, https://goo.gl/fbAQLP

exports[`P Matches snapshot 1`] = `
<p
  className="sc-bdVaJa djKaCU"
>
  Lorem ipsum
</p>
`;
