// Jest Snapshot v1, https://goo.gl/fbAQLP

exports[`Range Renders correctly 1`] = `
<div
  className="sc-bwzfXH AHMGE"
>
  <input
    className="sc-bwzfXH AHMGE sc-bdVaJa hNhBIV hl-range"
    defaultValue={42}
    max={100}
    min={0}
    onChange={[Function]}
    step={null}
    type="range"
  />
</div>
`;
