// Jest Snapshot v1, https://goo.gl/fbAQLP

exports[`Tooltip Renders correctly 1`] = `
<div
  className="sc-bdVaJa bDpIhn"
  data-tooltip="Tooltip"
>
  Content
</div>
`;
