// Jest Snapshot v1, https://goo.gl/fbAQLP

exports[`Fractures Renders correctly 1`] = `null`;

exports[`Fractures with theme Renders correctly 1`] = `
<style
  dangerouslySetInnerHTML={
    Object {
      "__html": "
		:root {
			--fr-ground: #fff;
			--fr-focus: rgba(52, 130, 218, 0.4);
			--fr-100: #e8f2fd;
			--fr-300: #76a7e7;
			--fr-500: #3482da;
			--fr-700: #2463a5;
			--fr-900: #102a45;

			--fr-color-red: #f94b56;
			--fr-color-green: #82c971;
			--fr-color-yellow: #ffd058;

			--fr-font-mono: \\"Roboto Mono\\", monospace;
		}
	",
    }
  }
/>
`;
