// Jest Snapshot v1, https://goo.gl/fbAQLP

exports[`Input Renders correctly 1`] = `
<div
  className="sc-bwzfXH fGQUIV"
>
  <input
    className="hl-input hl-input--input"
    defaultValue=""
    onChange={[Function]}
    placeholder=""
    type="text"
  />
</div>
`;
