// Jest Snapshot v1, https://goo.gl/fbAQLP

exports[`Radio Renders correctly 1`] = `
<label
  className="sc-bwzfXH dKZeNg "
>
  <input
    aria-checked={false}
    defaultChecked={false}
    name="radio"
    onChange={[Function]}
    type="radio"
  />
  <span
    className="fr-radio__checkmark"
  />
  <span
    className="sc-bdVaJa erEhky"
  >
    
  </span>
</label>
`;
