// Jest Snapshot v1, https://goo.gl/fbAQLP

exports[`ButtonGroup Renders correctly 1`] = `
<div
  className="sc-bdVaJa echKyZ"
>
  Children.
</div>
`;
