// Jest Snapshot v1, https://goo.gl/fbAQLP

exports[`Progress Renders correctly 1`] = `
<progress
  className="sc-bdVaJa czqDfu"
  max={100}
  value={31}
/>
`;
