// Jest Snapshot v1, https://goo.gl/fbAQLP

exports[`Helios Renders correctly 1`] = `null`;

exports[`Helios with theme Renders correctly 1`] = `
<style
  dangerouslySetInnerHTML={
    Object {
      "__html": "
		:root {
			--color-gray-0: #fff;--color-gray-100: #e8f2fd;--color-gray-300: #76a7e7;--color-gray-500: #3482da;--color-gray-700: #2463a5;--color-gray-900: #102a45;--color-red-100: #FFD8DA;--color-red-300: #FF979D;--color-red-500: #f94b56;--color-red-700: #CF2E38;--color-red-900: #8F171F;--color-yellow-100: #FFF2D2;--color-yellow-300: #FFE6A6;--color-yellow-500: #FFD058;--color-yellow-700: #DFA103;--color-yellow-900: #8D5D00;--color-green-100: #E4FBDF;--color-green-300: #B3E8A7;--color-green-500: #82C971;--color-green-700: #4DA439;--color-green-900: #1A6309;--color-blue-100: #D3E6FF;--color-blue-300: #95C3FF;--color-blue-500: #539DFE;--color-blue-700: #216FD3;--color-blue-900: #073775;
			--font-default: Roboto, 'sans-serif';--font-mono: 'Roboto Mono', monospace;
		}
	",
    }
  }
/>
`;
